NFL Blitz 2000 Video Game (c) 1999 Midway Games -  (08/20/99 23:17:07) page 1

PLBUILD version 3.0G

Bank Information
----------------

Bank name: RAVENS.BNK

Size of .BNK file including header: 42116 bytes ($A484 bytes)

Size of playlist table: 84 bytes ($54 bytes)

Size of playlist and sound data only: 41898 bytes ($A3AA bytes)

Checksum: $2E50

Total number of playlists: 15 ($F)

Total number of sound files: 15 ($F)

Average bit rate for bank: 23.4 kbits/sec

Total linear amount of sound: 0:14.223 (min:sec.msec)



Playlist Table

  Dec  Hex   # Trks  Video  Pinball  Description
  ---- ----- ------ ------- -------  -----------
  0    $0000   1       43.9    50.4  TK: Baltimore ... (down by - leads by - etc.)
  1    $0001   1       36.4    41.8  TK: The Ravens ... (down by - lead by - etc.)
  2    $0002   1       85.4    97.9  TK: The Baltimore Ravens ... (first position)
  3    $0003   1       94.6   108.5  TK: ... the Baltimore Ravens (second position)

  10   $000a   1       30.6    35.0  TK: QB Normal (Mitchell)
  11   $000b   1       34.3    39.4  TK: Weapon #1 Normal (Holmes)
  12   $000c   1       38.5    44.2  TK: Weapon #2 Normal (Lewis)
  13   $000d   1       40.6    46.6  TK: Weapon #3 Normal (Metcalf)
  14   $000e   1       38.9    44.6  TK: "to" Weapon #1 (Holmes)
  15   $000f   1       43.1    49.4  TK: "to" Weapon #2 (Lewis)
  16   $0010   1       43.9    50.4  TK: "to" Weapon #3 (Metcalf)
  17   $0011   1       58.6    67.2  TK: QB Pumped up (Mitchell)
  18   $0012   1       46.5    53.3  TK: Weapon #1 Pumped up (Holmes)
  19   $0013   1       76.6    87.8  TK: Weapon #2 Pumped up (Lewis)
  20   $0014   1       64.0    73.4  TK: Weapon #3 Pumped up (Metcalf)

Total 15 Playlists
 
NFL Blitz 2000 Video Game (c) 1999 Midway Games -  (08/20/99 23:17:07) page 2


Region Table 

File         Size      Length   Length    Bitrate   Compression
Name         bytes     frames   seconds   kbit/sec  Parameters
-----------  --------  -------  --------  --------  -----------
TKBLTMR1         2294      104  0:00.799     22.98  HENRY -v6.75 -vb47 -vi7 -vt1 
TKBLTRV1         4862      204  0:01.567     24.83  HENRY -v6.75 -vb47 -vi7 -vt1 
TKBLTRV2         5298      226  0:01.736     24.42  HENRY -v6.75 -vb47 -vi7 -vt1 
TKRAVNS1         1676       86  0:00.660     20.30  HENRY -v6.75 -vb47 -vi7 -vt1 
TKTM19P1         2642      111  0:00.852     24.79  HENRY -v7.50 -vb47 -vi7 -vt3 
TKTM19P2         4270      183  0:01.405     24.31  HENRY -v7.50 -vb47 -vi7 -vt3 
TKTM19P3         3368      153  0:01.175     22.93  HENRY -v7.50 -vb47 -vi7 -vt3 
TKTM19Q1         1600       73  0:00.561     22.83  HENRY -v7.50 -vb47 -vi7 -vt3 
TKTM19Q2         3754      140  0:01.075     27.93  HENRY -v7.50 -vb47 -vi7 -vt3 
TKTM19T1         2240       93  0:00.714     25.09  HENRY -v7.50 -vb47 -vi7 -vt3 
TKTM19T2         2376      103  0:00.791     24.03  HENRY -v7.50 -vb47 -vi7 -vt3 
TKTM19T3         2068      105  0:00.806     20.52  HENRY -v7.50 -vb47 -vi7 -vt3 
TKTM19W1         1890       82  0:00.630     24.01  HENRY -v7.50 -vb47 -vi7 -vt3 
TKTM19W2         1626       92  0:00.707     18.41  HENRY -v7.50 -vb47 -vi7 -vt3 
TKTM19W3         1624       97  0:00.745     17.44  HENRY -v7.50 -vb47 -vi7 -vt3 
 
NFL Blitz 2000 Video Game (c) 1999 Midway Games -  (08/20/99 23:17:07) page 3


Summary

Total Average Bitrate:  23.4 kbits/sec
Total Time:             0:14.223 minutes
Total Number of .CMP's: 15
Total Size of .CMP's:    40.61 kbytes
